
> Task :detekt FAILED
C:\Users\kruz18\IdeaProjects\ComminusmPlugin\src\main\kotlin\ru\kyamshanov\comminusm\gui\OrderMenu.kt:41:9: The function open is too long (64). The maximum length is 60. [LongMethod]
C:\Users\kruz18\IdeaProjects\ComminusmPlugin\src\main\kotlin\ru\kyamshanov\comminusm\listener\BlockListener.kt:27:9: The function onBlockBreak is too long (128). The maximum length is 60. [LongMethod]
C:\Users\kruz18\IdeaProjects\ComminusmPlugin\src\main\kotlin\ru\kyamshanov\comminusm\listener\BlockListener.kt:27:9: The function onBlockBreak appears to be too complex based on Cyclomatic Complexity (complexity: 45). Defined complexity threshold for methods is set to '15' [CyclomaticComplexMethod]
C:\Users\kruz18\IdeaProjects\ComminusmPlugin\src\main\kotlin\ru\kyamshanov\comminusm\listener\BlockListener.kt:178:9: The function onBlockPlace appears to be too complex based on Cyclomatic Complexity (complexity: 15). Defined complexity threshold for methods is set to '15' [CyclomaticComplexMethod]
C:\Users\kruz18\IdeaProjects\ComminusmPlugin\src\main\kotlin\ru\kyamshanov\comminusm\listener\BlockListener.kt:223:9: The function onPlayerInteract appears to be too complex based on Cyclomatic Complexity (complexity: 17). Defined complexity threshold for methods is set to '15' [CyclomaticComplexMethod]
C:\Users\kruz18\IdeaProjects\ComminusmPlugin\src\main\kotlin\ru\kyamshanov\comminusm\listener\BlockListener.kt:27:9: Function onBlockBreak is nested too deeply. [NestedBlockDepth]
C:\Users\kruz18\IdeaProjects\ComminusmPlugin\src\main\kotlin\ru\kyamshanov\comminusm\listener\BlockListener.kt:18:7: Class 'BlockListener' with '12' functions detected. Defined threshold inside classes is set to '11' [TooManyFunctions]
C:\Users\kruz18\IdeaProjects\ComminusmPlugin\src\main\kotlin\ru\kyamshanov\comminusm\listener\BlockListener.kt:38:21: This condition is too complex (4). Defined complexity threshold for conditions is set to '4' [ComplexCondition]
C:\Users\kruz18\IdeaProjects\ComminusmPlugin\src\main\kotlin\ru\kyamshanov\comminusm\listener\BlockListener.kt:58:17: This condition is too complex (5). Defined complexity threshold for conditions is set to '4' [ComplexCondition]
C:\Users\kruz18\IdeaProjects\ComminusmPlugin\src\main\kotlin\ru\kyamshanov\comminusm\listener\BlockListener.kt:78:21: This condition is too complex (5). Defined complexity threshold for conditions is set to '4' [ComplexCondition]
C:\Users\kruz18\IdeaProjects\ComminusmPlugin\src\main\kotlin\ru\kyamshanov\comminusm\listener\BlockListener.kt:330:17: This condition is too complex (4). Defined complexity threshold for conditions is set to '4' [ComplexCondition]
C:\Users\kruz18\IdeaProjects\ComminusmPlugin\src\main\kotlin\ru\kyamshanov\comminusm\listener\BlockListener.kt:350:17: This condition is too complex (4). Defined complexity threshold for conditions is set to '4' [ComplexCondition]
C:\Users\kruz18\IdeaProjects\ComminusmPlugin\src\main\kotlin\ru\kyamshanov\comminusm\manager\FlagActivationHelper.kt:215:25: The function rollback(bannerBlock: Block, supportBlock: Block, originalMaterial: Material, flagId: String, manager: FlagStabilityManager, pdc: PersistentDataContainer, flagKey: NamespacedKey, supportMatKey: NamespacedKey) has too many parameters. The current threshold is set to 6. [LongParameterList]
C:\Users\kruz18\IdeaProjects\ComminusmPlugin\src\main\kotlin\ru\kyamshanov\comminusm\manager\FlagActivationHelper.kt:119:9: The function activate is too long (68). The maximum length is 60. [LongMethod]
C:\Users\kruz18\IdeaProjects\ComminusmPlugin\src\main\kotlin\ru\kyamshanov\comminusm\plugin\ComminusmPlugin.kt:112:18: The function onEnable is too long (70). The maximum length is 60. [LongMethod]
C:\Users\kruz18\IdeaProjects\ComminusmPlugin\src\main\kotlin\ru\kyamshanov\comminusm\storage\DatabaseManager.kt:22:17: The function createTables is too long (105). The maximum length is 60. [LongMethod]
C:\Users\kruz18\IdeaProjects\ComminusmPlugin\src\test\kotlin\ru\kyamshanov\comminusm\service\StubPluginBase.kt:27:38: This empty block of code can be removed. [EmptyFunctionBlock]
C:\Users\kruz18\IdeaProjects\ComminusmPlugin\src\test\kotlin\ru\kyamshanov\comminusm\service\StubPluginBase.kt:28:71: This empty block of code can be removed. [EmptyFunctionBlock]
C:\Users\kruz18\IdeaProjects\ComminusmPlugin\src\test\kotlin\ru\kyamshanov\comminusm\service\StubPluginBase.kt:34:30: This empty block of code can be removed. [EmptyFunctionBlock]
C:\Users\kruz18\IdeaProjects\ComminusmPlugin\src\test\kotlin\ru\kyamshanov\comminusm\service\StubPluginBase.kt:35:27: This empty block of code can be removed. [EmptyFunctionBlock]
C:\Users\kruz18\IdeaProjects\ComminusmPlugin\src\test\kotlin\ru\kyamshanov\comminusm\service\StubPluginBase.kt:36:29: This empty block of code can be removed. [EmptyFunctionBlock]
C:\Users\kruz18\IdeaProjects\ComminusmPlugin\src\test\kotlin\ru\kyamshanov\comminusm\service\StubPluginBase.kt:38:47: This empty block of code can be removed. [EmptyFunctionBlock]
C:\Users\kruz18\IdeaProjects\ComminusmPlugin\src\main\kotlin\ru\kyamshanov\comminusm\commune\listener\CommuneStartupTask.kt:49:22: The caught exception is too generic. Prefer catching specific exceptions to the case that is currently handled. [TooGenericExceptionCaught]
C:\Users\kruz18\IdeaProjects\ComminusmPlugin\src\main\kotlin\ru\kyamshanov\comminusm\commune\listener\CommuneStartupTask.kt:71:18: The caught exception is too generic. Prefer catching specific exceptions to the case that is currently handled. [TooGenericExceptionCaught]
C:\Users\kruz18\IdeaProjects\ComminusmPlugin\src\main\kotlin\ru\kyamshanov\comminusm\commune\service\OrderMembershipService.kt:63:22: The caught exception is too generic. Prefer catching specific exceptions to the case that is currently handled. [TooGenericExceptionCaught]
C:\Users\kruz18\IdeaProjects\ComminusmPlugin\src\main\kotlin\ru\kyamshanov\comminusm\commune\service\OrderMembershipService.kt:104:22: The caught exception is too generic. Prefer catching specific exceptions to the case that is currently handled. [TooGenericExceptionCaught]
C:\Users\kruz18\IdeaProjects\ComminusmPlugin\src\main\kotlin\ru\kyamshanov\comminusm\commune\service\OrderMembershipService.kt:63:22: The caught exception is swallowed. The original exception could be lost. [SwallowedException]
C:\Users\kruz18\IdeaProjects\ComminusmPlugin\src\main\kotlin\ru\kyamshanov\comminusm\commune\service\OrderMembershipService.kt:104:22: The caught exception is swallowed. The original exception could be lost. [SwallowedException]
C:\Users\kruz18\IdeaProjects\ComminusmPlugin\src\main\kotlin\ru\kyamshanov\comminusm\manager\FlagActivationHelper.kt:169:26: The caught exception is too generic. Prefer catching specific exceptions to the case that is currently handled. [TooGenericExceptionCaught]
C:\Users\kruz18\IdeaProjects\ComminusmPlugin\src\main\kotlin\ru\kyamshanov\comminusm\manager\FlagActivationHelper.kt:197:34: The caught exception is too generic. Prefer catching specific exceptions to the case that is currently handled. [TooGenericExceptionCaught]
C:\Users\kruz18\IdeaProjects\ComminusmPlugin\src\main\kotlin\ru\kyamshanov\comminusm\command\PartyCommand.kt:22:18: Function onCommand has 4 return statements which exceeds the limit of 2. [ReturnCount]
C:\Users\kruz18\IdeaProjects\ComminusmPlugin\src\main\kotlin\ru\kyamshanov\comminusm\command\PartyCommand.kt:24:1: Line detected, which is longer than the defined maximum line length in the code style. [MaxLineLength]
C:\Users\kruz18\IdeaProjects\ComminusmPlugin\src\main\kotlin\ru\kyamshanov\comminusm\command\PartyCommand.kt:30:1: Line detected, which is longer than the defined maximum line length in the code style. [MaxLineLength]
C:\Users\kruz18\IdeaProjects\ComminusmPlugin\src\main\kotlin\ru\kyamshanov\comminusm\commune\listener\CommuneMembershipListener.kt:53:1: Line detected, which is longer than the defined maximum line length in the code style. [MaxLineLength]
C:\Users\kruz18\IdeaProjects\ComminusmPlugin\src\main\kotlin\ru\kyamshanov\comminusm\commune\listener\CommuneMembershipListener.kt:20:17: Private property `crossOrderService` is unused. [UnusedPrivateProperty]
C:\Users\kruz18\IdeaProjects\ComminusmPlugin\src\main\kotlin\ru\kyamshanov\comminusm\commune\listener\CommunePlayerListener.kt:46:9: Forbidden TODO todo marker in comment, please do the changes. [ForbiddenComment]
C:\Users\kruz18\IdeaProjects\ComminusmPlugin\src\main\kotlin\ru\kyamshanov\comminusm\commune\listener\CommunePlayerListener.kt:47:9: Forbidden TODO todo marker in comment, please do the changes. [ForbiddenComment]
C:\Users\kruz18\IdeaProjects\ComminusmPlugin\src\main\kotlin\ru\kyamshanov\comminusm\commune\listener\CommunePlayerListener.kt:24:17: Private property `membershipService` is unused. [UnusedPrivateProperty]
C:\Users\kruz18\IdeaProjects\ComminusmPlugin\src\main\kotlin\ru\kyamshanov\comminusm\commune\listener\CommuneStartupTask.kt:64:13: Forbidden TODO todo marker in comment, please do the changes. [ForbiddenComment]
C:\Users\kruz18\IdeaProjects\ComminusmPlugin\src\main\kotlin\ru\kyamshanov\comminusm\commune\listener\CommuneStartupTask.kt:88:9: Forbidden TODO todo marker in comment, please do the changes. [ForbiddenComment]
C:\Users\kruz18\IdeaProjects\ComminusmPlugin\src\main\kotlin\ru\kyamshanov\comminusm\commune\listener\CommuneStartupTask.kt:24:17: Private property `communeService` is unused. [UnusedPrivateProperty]
C:\Users\kruz18\IdeaProjects\ComminusmPlugin\src\main\kotlin\ru\kyamshanov\comminusm\commune\listener\CommuneStartupTask.kt:25:17: Private property `membershipService` is unused. [UnusedPrivateProperty]
C:\Users\kruz18\IdeaProjects\ComminusmPlugin\src\main\kotlin\ru\kyamshanov\comminusm\commune\listener\CommuneStartupTask.kt:26:17: Private property `orderService` is unused. [UnusedPrivateProperty]
C:\Users\kruz18\IdeaProjects\ComminusmPlugin\src\main\kotlin\ru\kyamshanov\comminusm\commune\listener\FriendlyFireListener.kt:27:9: Function onEntityDamageByEntity has 4 return statements which exceeds the limit of 2. [ReturnCount]
C:\Users\kruz18\IdeaProjects\ComminusmPlugin\src\main\kotlin\ru\kyamshanov\comminusm\commune\listener\FriendlyFireListener.kt:23:17: Private property `orderService` is unused. [UnusedPrivateProperty]
C:\Users\kruz18\IdeaProjects\ComminusmPlugin\src\main\kotlin\ru\kyamshanov\comminusm\config\PluginConfig.kt:12:84: This expression contains a magic number. Consider defining it to a well named constant. [MagicNumber]
C:\Users\kruz18\IdeaProjects\ComminusmPlugin\src\main\kotlin\ru\kyamshanov\comminusm\config\PluginConfig.kt:27:62: This expression contains a magic number. Consider defining it to a well named constant. [MagicNumber]
C:\Users\kruz18\IdeaProjects\ComminusmPlugin\src\main\kotlin\ru\kyamshanov\comminusm\config\PluginConfig.kt:30:90: This expression contains a magic number. Consider defining it to a well named constant. [MagicNumber]
C:\Users\kruz18\IdeaProjects\ComminusmPlugin\src\main\kotlin\ru\kyamshanov\comminusm\config\PluginConfig.kt:98:33: This expression contains a magic number. Consider defining it to a well named constant. [MagicNumber]
C:\Users\kruz18\IdeaProjects\ComminusmPlugin\src\main\kotlin\ru\kyamshanov\comminusm\config\PluginConfig.kt:98:36: This expression contains a magic number. Consider defining it to a well named constant. [MagicNumber]
C:\Users\kruz18\IdeaProjects\ComminusmPlugin\src\main\kotlin\ru\kyamshanov\comminusm\config\PluginConfig.kt:99:30: This expression contains a magic number. Consider defining it to a well named constant. [MagicNumber]
C:\Users\kruz18\IdeaProjects\ComminusmPlugin\src\main\kotlin\ru\kyamshanov\comminusm\config\PluginConfig.kt:99:33: This expression contains a magic number. Consider defining it to a well named constant. [MagicNumber]
C:\Users\kruz18\IdeaProjects\ComminusmPlugin\src\main\kotlin\ru\kyamshanov\comminusm\config\PluginConfig.kt:99:36: This expression contains a magic number. Consider defining it to a well named constant. [MagicNumber]
C:\Users\kruz18\IdeaProjects\ComminusmPlugin\src\main\kotlin\ru\kyamshanov\comminusm\config\PluginConfig.kt:100:30: This expression contains a magic number. Consider defining it to a well named constant. [MagicNumber]
C:\Users\kruz18\IdeaProjects\ComminusmPlugin\src\main\kotlin\ru\kyamshanov\comminusm\config\PluginConfig.kt:100:33: This expression contains a magic number. Consider defining it to a well named constant. [MagicNumber]
C:\Users\kruz18\IdeaProjects\ComminusmPlugin\src\main\kotlin\ru\kyamshanov\comminusm\config\PluginConfig.kt:100:36: This expression contains a magic number. Consider defining it to a well named constant. [MagicNumber]
C:\Users\kruz18\IdeaProjects\ComminusmPlugin\src\main\kotlin\ru\kyamshanov\comminusm\config\PluginConfig.kt:101:30: This expression contains a magic number. Consider defining it to a well named constant. [MagicNumber]
C:\Users\kruz18\IdeaProjects\ComminusmPlugin\src\main\kotlin\ru\kyamshanov\comminusm\config\PluginConfig.kt:101:33: This expression contains a magic number. Consider defining it to a well named constant. [MagicNumber]
C:\Users\kruz18\IdeaProjects\ComminusmPlugin\src\main\kotlin\ru\kyamshanov\comminusm\config\PluginConfig.kt:101:36: This expression contains a magic number. Consider defining it to a well named constant. [MagicNumber]
C:\Users\kruz18\IdeaProjects\ComminusmPlugin\src\main\kotlin\ru\kyamshanov\comminusm\config\PluginConfig.kt:105:30: This expression contains a magic number. Consider defining it to a well named constant. [MagicNumber]
C:\Users\kruz18\IdeaProjects\ComminusmPlugin\src\main\kotlin\ru\kyamshanov\comminusm\config\PluginConfig.kt:106:23: This expression contains a magic number. Consider defining it to a well named constant. [MagicNumber]
C:\Users\kruz18\IdeaProjects\ComminusmPlugin\src\main\kotlin\ru\kyamshanov\comminusm\config\PluginConfig.kt:107:29: This expression contains a magic number. Consider defining it to a well named constant. [MagicNumber]
C:\Users\kruz18\IdeaProjects\ComminusmPlugin\src\main\kotlin\ru\kyamshanov\comminusm\config\PluginConfig.kt:108:29: This expression contains a magic number. Consider defining it to a well named constant. [MagicNumber]
C:\Users\kruz18\IdeaProjects\ComminusmPlugin\src\main\kotlin\ru\kyamshanov\comminusm\config\PluginConfig.kt:109:26: This expression contains a magic number. Consider defining it to a well named constant. [MagicNumber]
C:\Users\kruz18\IdeaProjects\ComminusmPlugin\src\main\kotlin\ru\kyamshanov\comminusm\config\PluginConfig.kt:110:26: This expression contains a magic number. Consider defining it to a well named constant. [MagicNumber]
C:\Users\kruz18\IdeaProjects\ComminusmPlugin\src\main\kotlin\ru\kyamshanov\comminusm\event\PlayerJoinHandler.kt:20:1: Line detected, which is longer than the defined maximum line length in the code style. [MaxLineLength]
C:\Users\kruz18\IdeaProjects\ComminusmPlugin\src\main\kotlin\ru\kyamshanov\comminusm\gui\AdminMenu.kt:27:1: Line detected, which is longer than the defined maximum line length in the code style. [MaxLineLength]
C:\Users\kruz18\IdeaProjects\ComminusmPlugin\src\main\kotlin\ru\kyamshanov\comminusm\gui\AdminMenu.kt:33:1: Line detected, which is longer than the defined maximum line length in the code style. [MaxLineLength]
C:\Users\kruz18\IdeaProjects\ComminusmPlugin\src\main\kotlin\ru\kyamshanov\comminusm\gui\AdminMenu.kt:39:1: Line detected, which is longer than the defined maximum line length in the code style. [MaxLineLength]
C:\Users\kruz18\IdeaProjects\ComminusmPlugin\src\main\kotlin\ru\kyamshanov\comminusm\gui\AdminMenu.kt:71:1: Line detected, which is longer than the defined maximum line length in the code style. [MaxLineLength]
C:\Users\kruz18\IdeaProjects\ComminusmPlugin\src\main\kotlin\ru\kyamshanov\comminusm\gui\AdminMenu.kt:79:1: Line detected, which is longer than the defined maximum line length in the code style. [MaxLineLength]
C:\Users\kruz18\IdeaProjects\ComminusmPlugin\src\main\kotlin\ru\kyamshanov\comminusm\gui\AdminMenu.kt:85:1: Line detected, which is longer than the defined maximum line length in the code style. [MaxLineLength]
C:\Users\kruz18\IdeaProjects\ComminusmPlugin\src\main\kotlin\ru\kyamshanov\comminusm\gui\AdminMenu.kt:86:1: Line detected, which is longer than the defined maximum line length in the code style. [MaxLineLength]
C:\Users\kruz18\IdeaProjects\ComminusmPlugin\src\main\kotlin\ru\kyamshanov\comminusm\gui\AdminMenu.kt:87:1: Line detected, which is longer than the defined maximum line length in the code style. [MaxLineLength]
C:\Users\kruz18\IdeaProjects\ComminusmPlugin\src\main\kotlin\ru\kyamshanov\comminusm\gui\AdminMenu.kt:21:36: This expression contains a magic number. Consider defining it to a well named constant. [MagicNumber]
C:\Users\kruz18\IdeaProjects\ComminusmPlugin\src\main\kotlin\ru\kyamshanov\comminusm\gui\AdminMenu.kt:22:36: This expression contains a magic number. Consider defining it to a well named constant. [MagicNumber]
C:\Users\kruz18\IdeaProjects\ComminusmPlugin\src\main\kotlin\ru\kyamshanov\comminusm\gui\AdminMenu.kt:23:29: This expression contains a magic number. Consider defining it to a well named constant. [MagicNumber]
C:\Users\kruz18\IdeaProjects\ComminusmPlugin\src\main\kotlin\ru\kyamshanov\comminusm\gui\AdminMenu.kt:24:28: This expression contains a magic number. Consider defining it to a well named constant. [MagicNumber]
C:\Users\kruz18\IdeaProjects\ComminusmPlugin\src\main\kotlin\ru\kyamshanov\comminusm\gui\AdminMenu.kt:27:48: This expression contains a magic number. Consider defining it to a well named constant. [MagicNumber]
C:\Users\kruz18\IdeaProjects\ComminusmPlugin\src\main\kotlin\ru\kyamshanov\comminusm\gui\AdminMenu.kt:16:17: Private property `config` is unused. [UnusedPrivateProperty]
C:\Users\kruz18\IdeaProjects\ComminusmPlugin\src\main\kotlin\ru\kyamshanov\comminusm\gui\AdminMenu.kt:19:17: Private property `workdaysService` is unused. [UnusedPrivateProperty]
C:\Users\kruz18\IdeaProjects\ComminusmPlugin\src\main\kotlin\ru\kyamshanov\comminusm\gui\FrontMenu.kt:63:1: Line detected, which is longer than the defined maximum line length in the code style. [MaxLineLength]
C:\Users\kruz18\IdeaProjects\ComminusmPlugin\src\main\kotlin\ru\kyamshanov\comminusm\gui\FrontMenu.kt:77:1: Line detected, which is longer than the defined maximum line length in the code style. [MaxLineLength]
C:\Users\kruz18\IdeaProjects\ComminusmPlugin\src\main\kotlin\ru\kyamshanov\comminusm\gui\FrontMenu.kt:17:28: This expression contains a magic number. Consider defining it to a well named constant. [MagicNumber]
C:\Users\kruz18\IdeaProjects\ComminusmPlugin\src\main\kotlin\ru\kyamshanov\comminusm\gui\FrontMenu.kt:18:30: This expression contains a magic number. Consider defining it to a well named constant. [MagicNumber]
C:\Users\kruz18\IdeaProjects\ComminusmPlugin\src\main\kotlin\ru\kyamshanov\comminusm\gui\FrontMenu.kt:19:28: This expression contains a magic number. Consider defining it to a well named constant. [MagicNumber]
C:\Users\kruz18\IdeaProjects\ComminusmPlugin\src\main\kotlin\ru\kyamshanov\comminusm\gui\FrontMenu.kt:20:28: This expression contains a magic number. Consider defining it to a well named constant. [MagicNumber]
C:\Users\kruz18\IdeaProjects\ComminusmPlugin\src\main\kotlin\ru\kyamshanov\comminusm\gui\FrontMenu.kt:23:48: This expression contains a magic number. Consider defining it to a well named constant. [MagicNumber]
C:\Users\kruz18\IdeaProjects\ComminusmPlugin\src\main\kotlin\ru\kyamshanov\comminusm\gui\FrontMenu.kt:66:91: This expression contains a magic number. Consider defining it to a well named constant. [MagicNumber]
C:\Users\kruz18\IdeaProjects\ComminusmPlugin\src\main\kotlin\ru\kyamshanov\comminusm\gui\GuiUtils.kt:19:22: This expression contains a magic number. Consider defining it to a well named constant. [MagicNumber]
C:\Users\kruz18\IdeaProjects\ComminusmPlugin\src\main\kotlin\ru\kyamshanov\comminusm\gui\GuiUtils.kt:20:19: This expression contains a magic number. Consider defining it to a well named constant. [MagicNumber]
C:\Users\kruz18\IdeaProjects\ComminusmPlugin\src\main\kotlin\ru\kyamshanov\comminusm\gui\GuiUtils.kt:20:23: This expression contains a magic number. Consider defining it to a well named constant. [MagicNumber]
C:\Users\kruz18\IdeaProjects\ComminusmPlugin\src\main\kotlin\ru\kyamshanov\comminusm\gui\GuiUtils.kt:21:30: This expression contains a magic number. Consider defining it to a well named constant. [MagicNumber]
C:\Users\kruz18\IdeaProjects\ComminusmPlugin\src\main\kotlin\ru\kyamshanov\comminusm\gui\GuiUtils.kt:21:33: This expression contains a magic number. Consider defining it to a well named constant. [MagicNumber]
C:\Users\kruz18\IdeaProjects\ComminusmPlugin\src\main\kotlin\ru\kyamshanov\comminusm\gui\GuiUtils.kt:21:37: This expression contains a magic number. Consider defining it to a well named constant. [MagicNumber]
C:\Users\kruz18\IdeaProjects\ComminusmPlugin\src\main\kotlin\ru\kyamshanov\comminusm\gui\GuiUtils.kt:21:41: This expression contains a magic number. Consider defining it to a well named constant. [MagicNumber]
C:\Users\kruz18\IdeaProjects\ComminusmPlugin\src\main\kotlin\ru\kyamshanov\comminusm\gui\GuiUtils.kt:21:45: This expression contains a magic number. Consider defining it to a well named constant. [MagicNumber]
C:\Users\kruz18\IdeaProjects\ComminusmPlugin\src\main\kotlin\ru\kyamshanov\comminusm\gui\GuiUtils.kt:21:49: This expression contains a magic number. Consider defining it to a well named constant. [MagicNumber]
C:\Users\kruz18\IdeaProjects\ComminusmPlugin\src\main\kotlin\ru\kyamshanov\comminusm\gui\OrderMenu.kt:206:1: Line detected, which is longer than the defined maximum line length in the code style. [MaxLineLength]
C:\Users\kruz18\IdeaProjects\ComminusmPlugin\src\main\kotlin\ru\kyamshanov\comminusm\gui\OrderMenu.kt:212:1: Line detected, which is longer than the defined maximum line length in the code style. [MaxLineLength]
C:\Users\kruz18\IdeaProjects\ComminusmPlugin\src\main\kotlin\ru\kyamshanov\comminusm\gui\OrderMenu.kt:34:28: This expression contains a magic number. Consider defining it to a well named constant. [MagicNumber]
C:\Users\kruz18\IdeaProjects\ComminusmPlugin\src\main\kotlin\ru\kyamshanov\comminusm\gui\OrderMenu.kt:35:28: This expression contains a magic number. Consider defining it to a well named constant. [MagicNumber]
C:\Users\kruz18\IdeaProjects\ComminusmPlugin\src\main\kotlin\ru\kyamshanov\comminusm\gui\OrderMenu.kt:36:31: This expression contains a magic number. Consider defining it to a well named constant. [MagicNumber]
C:\Users\kruz18\IdeaProjects\ComminusmPlugin\src\main\kotlin\ru\kyamshanov\comminusm\gui\OrderMenu.kt:37:31: This expression contains a magic number. Consider defining it to a well named constant. [MagicNumber]
C:\Users\kruz18\IdeaProjects\ComminusmPlugin\src\main\kotlin\ru\kyamshanov\comminusm\gui\OrderMenu.kt:38:28: This expression contains a magic number. Consider defining it to a well named constant. [MagicNumber]
C:\Users\kruz18\IdeaProjects\ComminusmPlugin\src\main\kotlin\ru\kyamshanov\comminusm\gui\OrderMenu.kt:39:28: This expression contains a magic number. Consider defining it to a well named constant. [MagicNumber]
C:\Users\kruz18\IdeaProjects\ComminusmPlugin\src\main\kotlin\ru\kyamshanov\comminusm\gui\OrderMenu.kt:42:48: This expression contains a magic number. Consider defining it to a well named constant. [MagicNumber]
C:\Users\kruz18\IdeaProjects\ComminusmPlugin\src\main\kotlin\ru\kyamshanov\comminusm\gui\PartyMenu.kt:85:1: Line detected, which is longer than the defined maximum line length in the code style. [MaxLineLength]
C:\Users\kruz18\IdeaProjects\ComminusmPlugin\src\main\kotlin\ru\kyamshanov\comminusm\gui\PartyMenu.kt:102:1: Line detected, which is longer than the defined maximum line length in the code style. [MaxLineLength]
C:\Users\kruz18\IdeaProjects\ComminusmPlugin\src\main\kotlin\ru\kyamshanov\comminusm\gui\PartyMenu.kt:105:1: Line detected, which is longer than the defined maximum line length in the code style. [MaxLineLength]
C:\Users\kruz18\IdeaProjects\ComminusmPlugin\src\main\kotlin\ru\kyamshanov\comminusm\gui\PartyMenu.kt:127:1: Line detected, which is longer than the defined maximum line length in the code style. [MaxLineLength]
C:\Users\kruz18\IdeaProjects\ComminusmPlugin\src\main\kotlin\ru\kyamshanov\comminusm\gui\PartyMenu.kt:139:1: Line detected, which is longer than the defined maximum line length in the code style. [MaxLineLength]
C:\Users\kruz18\IdeaProjects\ComminusmPlugin\src\main\kotlin\ru\kyamshanov\comminusm\gui\PartyMenu.kt:142:1: Line detected, which is longer than the defined maximum line length in the code style. [MaxLineLength]
C:\Users\kruz18\IdeaProjects\ComminusmPlugin\src\main\kotlin\ru\kyamshanov\comminusm\gui\PartyMenu.kt:29:29: This expression contains a magic number. Consider defining it to a well named constant. [MagicNumber]
C:\Users\kruz18\IdeaProjects\ComminusmPlugin\src\main\kotlin\ru\kyamshanov\comminusm\gui\PartyMenu.kt:30:29: This expression contains a magic number. Consider defining it to a well named constant. [MagicNumber]
C:\Users\kruz18\IdeaProjects\ComminusmPlugin\src\main\kotlin\ru\kyamshanov\comminusm\gui\PartyMenu.kt:31:32: This expression contains a magic number. Consider defining it to a well named constant. [MagicNumber]
C:\Users\kruz18\IdeaProjects\ComminusmPlugin\src\main\kotlin\ru\kyamshanov\comminusm\gui\PartyMenu.kt:32:31: This expression contains a magic number. Consider defining it to a well named constant. [MagicNumber]
C:\Users\kruz18\IdeaProjects\ComminusmPlugin\src\main\kotlin\ru\kyamshanov\comminusm\gui\PartyMenu.kt:35:48: This expression contains a magic number. Consider defining it to a well named constant. [MagicNumber]
C:\Users\kruz18\IdeaProjects\ComminusmPlugin\src\main\kotlin\ru\kyamshanov\comminusm\gui\TreasuryMenu.kt:61:9: The loop contains more than one break or continue statement. The code should be refactored to increase readability. [LoopWithTooManyJumpStatements]
C:\Users\kruz18\IdeaProjects\ComminusmPlugin\src\main\kotlin\ru\kyamshanov\comminusm\gui\TreasuryMenu.kt:82:9: The loop contains more than one break or continue statement. The code should be refactored to increase readability. [LoopWithTooManyJumpStatements]
C:\Users\kruz18\IdeaProjects\ComminusmPlugin\src\main\kotlin\ru\kyamshanov\comminusm\gui\TreasuryMenu.kt:18:30: This expression contains a magic number. Consider defining it to a well named constant. [MagicNumber]
C:\Users\kruz18\IdeaProjects\ComminusmPlugin\src\main\kotlin\ru\kyamshanov\comminusm\gui\TreasuryMenu.kt:19:28: This expression contains a magic number. Consider defining it to a well named constant. [MagicNumber]
C:\Users\kruz18\IdeaProjects\ComminusmPlugin\src\main\kotlin\ru\kyamshanov\comminusm\gui\TreasuryMenu.kt:20:43: This expression contains a magic number. Consider defining it to a well named constant. [MagicNumber]
C:\Users\kruz18\IdeaProjects\ComminusmPlugin\src\main\kotlin\ru\kyamshanov\comminusm\gui\TreasuryMenu.kt:20:45: This expression contains a magic number. Consider defining it to a well named constant. [MagicNumber]
C:\Users\kruz18\IdeaProjects\ComminusmPlugin\src\main\kotlin\ru\kyamshanov\comminusm\gui\TreasuryMenu.kt:20:47: This expression contains a magic number. Consider defining it to a well named constant. [MagicNumber]
C:\Users\kruz18\IdeaProjects\ComminusmPlugin\src\main\kotlin\ru\kyamshanov\comminusm\gui\TreasuryMenu.kt:20:49: This expression contains a magic number. Consider defining it to a well named constant. [MagicNumber]
C:\Users\kruz18\IdeaProjects\ComminusmPlugin\src\main\kotlin\ru\kyamshanov\comminusm\gui\TreasuryMenu.kt:20:51: This expression contains a magic number. Consider defining it to a well named constant. [MagicNumber]
C:\Users\kruz18\IdeaProjects\ComminusmPlugin\src\main\kotlin\ru\kyamshanov\comminusm\gui\TreasuryMenu.kt:20:53: This expression contains a magic number. Consider defining it to a well named constant. [MagicNumber]
C:\Users\kruz18\IdeaProjects\ComminusmPlugin\src\main\kotlin\ru\kyamshanov\comminusm\gui\TreasuryMenu.kt:20:56: This expression contains a magic number. Consider defining it to a well named constant. [MagicNumber]
C:\Users\kruz18\IdeaProjects\ComminusmPlugin\src\main\kotlin\ru\kyamshanov\comminusm\gui\TreasuryMenu.kt:20:58: This expression contains a magic number. Consider defining it to a well named constant. [MagicNumber]
C:\Users\kruz18\IdeaProjects\ComminusmPlugin\src\main\kotlin\ru\kyamshanov\comminusm\gui\TreasuryMenu.kt:20:61: This expression contains a magic number. Consider defining it to a well named constant. [MagicNumber]
C:\Users\kruz18\IdeaProjects\ComminusmPlugin\src\main\kotlin\ru\kyamshanov\comminusm\gui\TreasuryMenu.kt:20:64: This expression contains a magic number. Consider defining it to a well named constant. [MagicNumber]
C:\Users\kruz18\IdeaProjects\ComminusmPlugin\src\main\kotlin\ru\kyamshanov\comminusm\gui\TreasuryMenu.kt:20:67: This expression contains a magic number. Consider defining it to a well named constant. [MagicNumber]
C:\Users\kruz18\IdeaProjects\ComminusmPlugin\src\main\kotlin\ru\kyamshanov\comminusm\gui\TreasuryMenu.kt:20:70: This expression contains a magic number. Consider defining it to a well named constant. [MagicNumber]
C:\Users\kruz18\IdeaProjects\ComminusmPlugin\src\main\kotlin\ru\kyamshanov\comminusm\gui\TreasuryMenu.kt:20:74: This expression contains a magic number. Consider defining it to a well named constant. [MagicNumber]
C:\Users\kruz18\IdeaProjects\ComminusmPlugin\src\main\kotlin\ru\kyamshanov\comminusm\gui\TreasuryMenu.kt:20:77: This expression contains a magic number. Consider defining it to a well named constant. [MagicNumber]
C:\Users\kruz18\IdeaProjects\ComminusmPlugin\src\main\kotlin\ru\kyamshanov\comminusm\gui\TreasuryMenu.kt:20:80: This expression contains a magic number. Consider defining it to a well named constant. [MagicNumber]
C:\Users\kruz18\IdeaProjects\ComminusmPlugin\src\main\kotlin\ru\kyamshanov\comminusm\gui\TreasuryMenu.kt:20:83: This expression contains a magic number. Consider defining it to a well named constant. [MagicNumber]
C:\Users\kruz18\IdeaProjects\ComminusmPlugin\src\main\kotlin\ru\kyamshanov\comminusm\gui\TreasuryMenu.kt:20:86: This expression contains a magic number. Consider defining it to a well named constant. [MagicNumber]
C:\Users\kruz18\IdeaProjects\ComminusmPlugin\src\main\kotlin\ru\kyamshanov\comminusm\gui\TreasuryMenu.kt:20:89: This expression contains a magic number. Consider defining it to a well named constant. [MagicNumber]
C:\Users\kruz18\IdeaProjects\ComminusmPlugin\src\main\kotlin\ru\kyamshanov\comminusm\gui\TreasuryMenu.kt:20:92: This expression contains a magic number. Consider defining it to a well named constant. [MagicNumber]
C:\Users\kruz18\IdeaProjects\ComminusmPlugin\src\main\kotlin\ru\kyamshanov\comminusm\gui\TreasuryMenu.kt:20:95: This expression contains a magic number. Consider defining it to a well named constant. [MagicNumber]
C:\Users\kruz18\IdeaProjects\ComminusmPlugin\src\main\kotlin\ru\kyamshanov\comminusm\gui\TreasuryMenu.kt:20:98: This expression contains a magic number. Consider defining it to a well named constant. [MagicNumber]
C:\Users\kruz18\IdeaProjects\ComminusmPlugin\src\main\kotlin\ru\kyamshanov\comminusm\gui\TreasuryMenu.kt:29:48: This expression contains a magic number. Consider defining it to a well named constant. [MagicNumber]
C:\Users\kruz18\IdeaProjects\ComminusmPlugin\src\main\kotlin\ru\kyamshanov\comminusm\gui\TreasuryMenu.kt:61:25: This expression contains a magic number. Consider defining it to a well named constant. [MagicNumber]
C:\Users\kruz18\IdeaProjects\ComminusmPlugin\src\main\kotlin\ru\kyamshanov\comminusm\gui\TreasuryMenu.kt:67:51: This expression contains a magic number. Consider defining it to a well named constant. [MagicNumber]
C:\Users\kruz18\IdeaProjects\ComminusmPlugin\src\main\kotlin\ru\kyamshanov\comminusm\gui\TreasuryMenu.kt:82:25: This expression contains a magic number. Consider defining it to a well named constant. [MagicNumber]
C:\Users\kruz18\IdeaProjects\ComminusmPlugin\src\main\kotlin\ru\kyamshanov\comminusm\listener\BlockListener.kt:27:9: Function onBlockBreak has 10 return statements which exceeds the limit of 2. [ReturnCount]
C:\Users\kruz18\IdeaProjects\ComminusmPlugin\src\main\kotlin\ru\kyamshanov\comminusm\listener\BlockListener.kt:178:9: Function onBlockPlace has 5 return statements which exceeds the limit of 2. [ReturnCount]
C:\Users\kruz18\IdeaProjects\ComminusmPlugin\src\main\kotlin\ru\kyamshanov\comminusm\listener\BlockListener.kt:223:9: Function onPlayerInteract has 7 return statements which exceeds the limit of 2. [ReturnCount]
C:\Users\kruz18\IdeaProjects\ComminusmPlugin\src\main\kotlin\ru\kyamshanov\comminusm\listener\BlockListener.kt:271:17: Function isInsideOrder has 3 return statements which exceeds the limit of 2. [ReturnCount]
C:\Users\kruz18\IdeaProjects\ComminusmPlugin\src\main\kotlin\ru\kyamshanov\comminusm\listener\BlockListener.kt:317:17: Function resolveFrontFlag has 4 return statements which exceeds the limit of 2. [ReturnCount]
C:\Users\kruz18\IdeaProjects\ComminusmPlugin\src\main\kotlin\ru\kyamshanov\comminusm\listener\BlockListener.kt:337:17: Function resolveOrderFlag has 3 return statements which exceeds the limit of 2. [ReturnCount]
C:\Users\kruz18\IdeaProjects\ComminusmPlugin\src\main\kotlin\ru\kyamshanov\comminusm\listener\BlockListener.kt:157:1: Line detected, which is longer than the defined maximum line length in the code style. [MaxLineLength]
C:\Users\kruz18\IdeaProjects\ComminusmPlugin\src\main\kotlin\ru\kyamshanov\comminusm\listener\BlockListener.kt:171:1: Line detected, which is longer than the defined maximum line length in the code style. [MaxLineLength]
C:\Users\kruz18\IdeaProjects\ComminusmPlugin\src\main\kotlin\ru\kyamshanov\comminusm\listener\BlockListener.kt:173:1: Line detected, which is longer than the defined maximum line length in the code style. [MaxLineLength]
C:\Users\kruz18\IdeaProjects\ComminusmPlugin\src\main\kotlin\ru\kyamshanov\comminusm\listener\BlockListener.kt:216:1: Line detected, which is longer than the defined maximum line length in the code style. [MaxLineLength]
C:\Users\kruz18\IdeaProjects\ComminusmPlugin\src\main\kotlin\ru\kyamshanov\comminusm\listener\BlockListener.kt:218:1: Line detected, which is longer than the defined maximum line length in the code style. [MaxLineLength]
C:\Users\kruz18\IdeaProjects\ComminusmPlugin\src\main\kotlin\ru\kyamshanov\comminusm\listener\BlockListener.kt:265:1: Line detected, which is longer than the defined maximum line length in the code style. [MaxLineLength]
C:\Users\kruz18\IdeaProjects\ComminusmPlugin\src\main\kotlin\ru\kyamshanov\comminusm\listener\BlockListener.kt:267:1: Line detected, which is longer than the defined maximum line length in the code style. [MaxLineLength]
C:\Users\kruz18\IdeaProjects\ComminusmPlugin\src\main\kotlin\ru\kyamshanov\comminusm\listener\BlockListener.kt:308:1: Line detected, which is longer than the defined maximum line length in the code style. [MaxLineLength]
C:\Users\kruz18\IdeaProjects\ComminusmPlugin\src\main\kotlin\ru\kyamshanov\comminusm\listener\BlockListener.kt:392:59: This expression contains a magic number. Consider defining it to a well named constant. [MagicNumber]
C:\Users\kruz18\IdeaProjects\ComminusmPlugin\src\main\kotlin\ru\kyamshanov\comminusm\listener\BlockListener.kt:401:21: This expression contains a magic number. Consider defining it to a well named constant. [MagicNumber]
C:\Users\kruz18\IdeaProjects\ComminusmPlugin\src\main\kotlin\ru\kyamshanov\comminusm\listener\BlockListener.kt:391:79: Function parameter `orderId` is unused. [UnusedParameter]
C:\Users\kruz18\IdeaProjects\ComminusmPlugin\src\main\kotlin\ru\kyamshanov\comminusm\listener\BlockListener.kt:21:17: Private property `manager` is unused. [UnusedPrivateProperty]
C:\Users\kruz18\IdeaProjects\ComminusmPlugin\src\main\kotlin\ru\kyamshanov\comminusm\listener\ExplosionListener.kt:32:17: Function isOrderFlag has 3 return statements which exceeds the limit of 2. [ReturnCount]
C:\Users\kruz18\IdeaProjects\ComminusmPlugin\src\main\kotlin\ru\kyamshanov\comminusm\listener\ExplosionListener.kt:42:17: Function isFrontFlag has 3 return statements which exceeds the limit of 2. [ReturnCount]
C:\Users\kruz18\IdeaProjects\ComminusmPlugin\src\main\kotlin\ru\kyamshanov\comminusm\listener\FlagDeletionConfirmListener.kt:43:13: This expression contains a magic number. Consider defining it to a well named constant. [MagicNumber]
C:\Users\kruz18\IdeaProjects\ComminusmPlugin\src\main\kotlin\ru\kyamshanov\comminusm\listener\FlagDeletionConfirmListener.kt:14:17: Private property `workFrontService` is unused. [UnusedPrivateProperty]
C:\Users\kruz18\IdeaProjects\ComminusmPlugin\src\main\kotlin\ru\kyamshanov\comminusm\listener\FlagItemProtectionListener.kt:42:13: Function isOrderFlag has 3 return statements which exceeds the limit of 2. [ReturnCount]
C:\Users\kruz18\IdeaProjects\ComminusmPlugin\src\main\kotlin\ru\kyamshanov\comminusm\listener\FlagItemProtectionListener.kt:49:13: Function isFrontFlag has 3 return statements which exceeds the limit of 2. [ReturnCount]
C:\Users\kruz18\IdeaProjects\ComminusmPlugin\src\main\kotlin\ru\kyamshanov\comminusm\listener\FrontFlagListener.kt:37:9: Function onBlockPlace has 9 return statements which exceeds the limit of 2. [ReturnCount]
C:\Users\kruz18\IdeaProjects\ComminusmPlugin\src\main\kotlin\ru\kyamshanov\comminusm\listener\FrontFlagListener.kt:163:17: Function isInsideOrder has 3 return statements which exceeds the limit of 2. [ReturnCount]
C:\Users\kruz18\IdeaProjects\ComminusmPlugin\src\main\kotlin\ru\kyamshanov\comminusm\listener\FrontFlagListener.kt:172:9: Function onInteract has 6 return statements which exceeds the limit of 2. [ReturnCount]
C:\Users\kruz18\IdeaProjects\ComminusmPlugin\src\main\kotlin\ru\kyamshanov\comminusm\listener\FrontFlagListener.kt:45:1: Line detected, which is longer than the defined maximum line length in the code style. [MaxLineLength]
C:\Users\kruz18\IdeaProjects\ComminusmPlugin\src\main\kotlin\ru\kyamshanov\comminusm\listener\FrontFlagListener.kt:57:1: Line detected, which is longer than the defined maximum line length in the code style. [MaxLineLength]
C:\Users\kruz18\IdeaProjects\ComminusmPlugin\src\main\kotlin\ru\kyamshanov\comminusm\listener\OrderFlagListener.kt:34:9: Function onBlockPlace has 8 return statements which exceeds the limit of 2. [ReturnCount]
C:\Users\kruz18\IdeaProjects\ComminusmPlugin\src\main\kotlin\ru\kyamshanov\comminusm\listener\OrderFlagListener.kt:130:9: Function onInteract has 7 return statements which exceeds the limit of 2. [ReturnCount]
C:\Users\kruz18\IdeaProjects\ComminusmPlugin\src\main\kotlin\ru\kyamshanov\comminusm\listener\OrderFlagListener.kt:43:1: Line detected, which is longer than the defined maximum line length in the code style. [MaxLineLength]
C:\Users\kruz18\IdeaProjects\ComminusmPlugin\src\main\kotlin\ru\kyamshanov\comminusm\listener\OrderFlagListener.kt:102:1: Line detected, which is longer than the defined maximum line length in the code style. [MaxLineLength]
C:\Users\kruz18\IdeaProjects\ComminusmPlugin\src\main\kotlin\ru\kyamshanov\comminusm\listener\PlayerListener.kt:29:67: This expression contains a magic number. Consider defining it to a well named constant. [MagicNumber]
C:\Users\kruz18\IdeaProjects\ComminusmPlugin\src\main\kotlin\ru\kyamshanov\comminusm\listener\PlayerListener.kt:29:73: This expression contains a magic number. Consider defining it to a well named constant. [MagicNumber]
C:\Users\kruz18\IdeaProjects\ComminusmPlugin\src\main\kotlin\ru\kyamshanov\comminusm\manager\FlagActivationHelper.kt:41:9: Function checkPreconditions has 4 return statements which exceeds the limit of 2. [ReturnCount]
C:\Users\kruz18\IdeaProjects\ComminusmPlugin\src\main\kotlin\ru\kyamshanov\comminusm\manager\FlagActivationHelper.kt:174:1: Line detected, which is longer than the defined maximum line length in the code style. [MaxLineLength]
C:\Users\kruz18\IdeaProjects\ComminusmPlugin\src\main\kotlin\ru\kyamshanov\comminusm\manager\FlagActivationHelper.kt:199:1: Line detected, which is longer than the defined maximum line length in the code style. [MaxLineLength]
C:\Users\kruz18\IdeaProjects\ComminusmPlugin\src\main\kotlin\ru\kyamshanov\comminusm\manager\FlagActivationHelper.kt:185:75: This expression contains a magic number. Consider defining it to a well named constant. [MagicNumber]
C:\Users\kruz18\IdeaProjects\ComminusmPlugin\src\main\kotlin\ru\kyamshanov\comminusm\manager\FlagActivationHelper.kt:185:85: This expression contains a magic number. Consider defining it to a well named constant. [MagicNumber]
C:\Users\kruz18\IdeaProjects\ComminusmPlugin\src\main\kotlin\ru\kyamshanov\comminusm\manager\FlagActivationHelper.kt:219:9: Function parameter `flagId` is unused. [UnusedParameter]
C:\Users\kruz18\IdeaProjects\ComminusmPlugin\src\main\kotlin\ru\kyamshanov\comminusm\model\Order.kt:20:1: Line detected, which is longer than the defined maximum line length in the code style. [MaxLineLength]
C:\Users\kruz18\IdeaProjects\ComminusmPlugin\src\main\kotlin\ru\kyamshanov\comminusm\model\WorkFront.kt:17:1: Line detected, which is longer than the defined maximum line length in the code style. [MaxLineLength]
C:\Users\kruz18\IdeaProjects\ComminusmPlugin\src\main\kotlin\ru\kyamshanov\comminusm\plugin\ComminusmPlugin.kt:280:1: Line detected, which is longer than the defined maximum line length in the code style. [MaxLineLength]
C:\Users\kruz18\IdeaProjects\ComminusmPlugin\src\main\kotlin\ru\kyamshanov\comminusm\service\OrderService.kt:27:9: Function create has 3 return statements which exceeds the limit of 2. [ReturnCount]
C:\Users\kruz18\IdeaProjects\ComminusmPlugin\src\main\kotlin\ru\kyamshanov\comminusm\service\OrderService.kt:37:9: Function activate has 4 return statements which exceeds the limit of 2. [ReturnCount]
C:\Users\kruz18\IdeaProjects\ComminusmPlugin\src\main\kotlin\ru\kyamshanov\comminusm\service\OrderService.kt:82:9: Function upgrade has 5 return statements which exceeds the limit of 2. [ReturnCount]
C:\Users\kruz18\IdeaProjects\ComminusmPlugin\src\main\kotlin\ru\kyamshanov\comminusm\service\OrderService.kt:80:65: This expression contains a magic number. Consider defining it to a well named constant. [MagicNumber]
C:\Users\kruz18\IdeaProjects\ComminusmPlugin\src\main\kotlin\ru\kyamshanov\comminusm\service\OrderService.kt:62:51: Function parameter `y` is unused. [UnusedParameter]
C:\Users\kruz18\IdeaProjects\ComminusmPlugin\src\main\kotlin\ru\kyamshanov\comminusm\service\WorkFrontService.kt:27:58: This expression contains a magic number. Consider defining it to a well named constant. [MagicNumber]
C:\Users\kruz18\IdeaProjects\ComminusmPlugin\src\main\kotlin\ru\kyamshanov\comminusm\service\WorkFrontService.kt:27:67: This expression contains a magic number. Consider defining it to a well named constant. [MagicNumber]
C:\Users\kruz18\IdeaProjects\ComminusmPlugin\src\test\kotlin\ru\kyamshanov\comminusm\config\PluginConfigTest.kt:3:1: org.junit.jupiter.api.Assertions.* is a wildcard import. Replace it with fully qualified imports. [WildcardImport]
C:\Users\kruz18\IdeaProjects\ComminusmPlugin\src\test\kotlin\ru\kyamshanov\comminusm\listener\BlockListenerTest.kt:6:1: org.junit.jupiter.api.Assertions.* is a wildcard import. Replace it with fully qualified imports. [WildcardImport]
C:\Users\kruz18\IdeaProjects\ComminusmPlugin\src\test\kotlin\ru\kyamshanov\comminusm\service\OrderServiceTest.kt:3:1: org.junit.jupiter.api.Assertions.* is a wildcard import. Replace it with fully qualified imports. [WildcardImport]
C:\Users\kruz18\IdeaProjects\ComminusmPlugin\src\test\kotlin\ru\kyamshanov\comminusm\service\WorkdaysServiceTest.kt:3:1: org.junit.jupiter.api.Assertions.* is a wildcard import. Replace it with fully qualified imports. [WildcardImport]
C:\Users\kruz18\IdeaProjects\ComminusmPlugin\src\test\kotlin\ru\kyamshanov\comminusm\service\WorkFrontServiceTest.kt:3:1: org.junit.jupiter.api.Assertions.* is a wildcard import. Replace it with fully qualified imports. [WildcardImport]
C:\Users\kruz18\IdeaProjects\ComminusmPlugin\src\test\kotlin\ru\kyamshanov\comminusm\storage\DatabaseManagerTest.kt:3:1: org.junit.jupiter.api.Assertions.* is a wildcard import. Replace it with fully qualified imports. [WildcardImport]
C:\Users\kruz18\IdeaProjects\ComminusmPlugin\src\test\kotlin\ru\kyamshanov\comminusm\storage\OrderRepositoryTest.kt:3:1: org.junit.jupiter.api.Assertions.* is a wildcard import. Replace it with fully qualified imports. [WildcardImport]
C:\Users\kruz18\IdeaProjects\ComminusmPlugin\src\test\kotlin\ru\kyamshanov\comminusm\storage\WorkFrontRepositoryTest.kt:3:1: org.junit.jupiter.api.Assertions.* is a wildcard import. Replace it with fully qualified imports. [WildcardImport]


FAILURE: Build failed with an exception.

* What went wrong:
Execution failed for task ':detekt'.
> Analysis failed with 206 weighted issues.

* Try:
> Run with --stacktrace option to get the stack trace.
> Run with --info or --debug option to get more log output.
> Run with --scan to get full insights.
> Get more help at https://help.gradle.org.

BUILD FAILED in 2s
1 actionable task: 1 executed
